---
source: crates/ishou-tokens/tests/snapshot.rs
assertion_line: 6
expression: tokens
---
{
  "color": {
    "polar_night_0": {
      "r": 46,
      "g": 52,
      "b": 64
    },
    "polar_night_1": {
      "r": 59,
      "g": 66,
      "b": 82
    },
    "polar_night_2": {
      "r": 67,
      "g": 76,
      "b": 94
    },
    "polar_night_3": {
      "r": 76,
      "g": 86,
      "b": 106
    },
    "snow_storm_0": {
      "r": 216,
      "g": 222,
      "b": 233
    },
    "snow_storm_1": {
      "r": 229,
      "g": 233,
      "b": 240
    },
    "snow_storm_2": {
      "r": 236,
      "g": 239,
      "b": 244
    },
    "frost_0": {
      "r": 143,
      "g": 188,
      "b": 187
    },
    "frost_1": {
      "r": 136,
      "g": 192,
      "b": 208
    },
    "frost_2": {
      "r": 129,
      "g": 161,
      "b": 193
    },
    "frost_3": {
      "r": 94,
      "g": 129,
      "b": 172
    },
    "aurora_red": {
      "r": 191,
      "g": 97,
      "b": 106
    },
    "aurora_orange": {
      "r": 208,
      "g": 135,
      "b": 112
    },
    "aurora_yellow": {
      "r": 235,
      "g": 203,
      "b": 139
    },
    "aurora_green": {
      "r": 163,
      "g": 190,
      "b": 140
    },
    "aurora_purple": {
      "r": 180,
      "g": 142,
      "b": 173
    },
    "ink": {
      "r": 10,
      "g": 10,
      "b": 10
    },
    "paper": {
      "r": 245,
      "g": 245,
      "b": 240
    },
    "shadow_tone": {
      "r": 20,
      "g": 24,
      "b": 34
    }
  },
  "roles": {
    "desktop": "shadow_tone",
    "background": "polar_night_0",
    "surface": "polar_night_1",
    "surface_elevated": "polar_night_2",
    "text": "snow_storm_2",
    "text_muted": "snow_storm_0",
    "text_dim": "polar_night_3",
    "primary": "frost_1",
    "primary_hover": "frost_2",
    "accent": "aurora_purple",
    "error": "aurora_red",
    "warning": "aurora_orange",
    "success": "aurora_green",
    "info": "frost_0",
    "border": "polar_night_2",
    "shadow": "shadow_tone",
    "ink": "ink",
    "paper": "paper",
    "text_secondary": "snow_storm_0",
    "text_bright": "snow_storm_2",
    "agent": "aurora_purple",
    "agent_attention": "aurora_purple",
    "link": "frost_2",
    "selection": "polar_night_2",
    "cursor": "frost_1",
    "search": "aurora_yellow",
    "structural": "frost_3"
  },
  "brand": {
    "name": "pleme-io",
    "tagline": "Typed infrastructure for the next decade",
    "logo_paths": {
      "lockup": "assets/logo.svg",
      "mark": "assets/mark.svg",
      "lockup_mono_black": "assets/logo-mono-black.svg",
      "lockup_mono_white": "assets/logo-mono-white.svg",
      "favicon": "assets/favicon.svg"
    },
    "swerve": {
      "viewbox": 64,
      "stroke_width": 10,
      "stroke_cap": "Round",
      "path_d": "M 8 10 C 14 46, 30 52, 32 32 C 34 12, 50 18, 56 54"
    }
  },
  "typography": {
    "families": {
      "serif": "'Iowan Old Style', 'Charter', 'Georgia', 'Cambria', Times, serif",
      "sans": "'Inter', system-ui, -apple-system, 'Segoe UI', Helvetica, Arial, sans-serif",
      "mono": "'JetBrainsMono Nerd Font', 'JetBrainsMono Nerd Font Mono', 'JetBrains Mono', 'SF Mono', 'Menlo', 'Consolas', monospace",
      "display": "'Inter', system-ui, sans-serif"
    },
    "mono_fonts": {
      "primary": "JetBrainsMono Nerd Font",
      "italic": "JetBrainsMono Nerd Font",
      "bold": "JetBrainsMono Nerd Font",
      "italic_style": "matches_primary",
      "fallback": [
        "Symbols Nerd Font Mono",
        "FiraCode Nerd Font Mono",
        "JetBrains Mono",
        "SF Mono",
        "Menlo",
        "Apple Color Emoji",
        "monospace"
      ],
      "nerd_font_package_attr": "jetbrains-mono",
      "italic_package_attr": null
    },
    "scale": {
      "xs": 0.75,
      "sm": 0.875,
      "base": 1.0,
      "md": 1.125,
      "lg": 1.25,
      "xl": 1.5,
      "x2": 1.875,
      "x3": 2.25,
      "x4": 3.0
    },
    "weight": {
      "light": 300,
      "regular": 400,
      "medium": 500,
      "semibold": 600,
      "bold": 700
    },
    "line_height": {
      "tight": 1.15,
      "base": 1.5,
      "relaxed": 1.65,
      "prose": 1.7
    },
    "features": {
      "calt": true,
      "liga": true,
      "dlig": null,
      "tnum": true,
      "zero_slashed": true
    }
  },
  "spacing": {
    "px_0": 0,
    "px_1": 4,
    "px_2": 8,
    "px_3": 12,
    "px_4": 16,
    "px_6": 24,
    "px_8": 32,
    "px_10": 40,
    "px_12": 48,
    "px_16": 64,
    "px_20": 80,
    "px_24": 96,
    "px_32": 128
  },
  "radius": {
    "none": 0,
    "sm": 4,
    "md": 8,
    "lg": 12,
    "xl": 16,
    "pill": 999,
    "full": 9999
  },
  "shadow": {
    "none": {
      "offset_x": 0,
      "offset_y": 0,
      "blur": 0,
      "spread": 0,
      "alpha_pct": 0
    },
    "sm": {
      "offset_x": 0,
      "offset_y": 1,
      "blur": 2,
      "spread": 0,
      "alpha_pct": 20
    },
    "md": {
      "offset_x": 0,
      "offset_y": 4,
      "blur": 8,
      "spread": 0,
      "alpha_pct": 30
    },
    "lg": {
      "offset_x": 0,
      "offset_y": 8,
      "blur": 24,
      "spread": -2,
      "alpha_pct": 40
    },
    "xl": {
      "offset_x": 0,
      "offset_y": 16,
      "blur": 48,
      "spread": -4,
      "alpha_pct": 50
    },
    "brand_bold": {
      "offset_x": 6,
      "offset_y": 8,
      "blur": 0,
      "spread": 0,
      "alpha_pct": 100
    }
  },
  "motion": {
    "duration": {
      "instant_ms": 80,
      "fast_ms": 150,
      "base_ms": 250,
      "slow_ms": 450,
      "hero_ms": 800
    },
    "easing": {
      "standard": [
        0.4,
        0.0,
        0.2,
        1.0
      ],
      "decelerate": [
        0.0,
        0.0,
        0.2,
        1.0
      ],
      "accelerate": [
        0.4,
        0.0,
        1.0,
        1.0
      ],
      "sonic_boom": [
        0.12,
        0.8,
        0.3,
        1.0
      ],
      "saber": [
        0.65,
        0.0,
        0.35,
        1.0
      ]
    }
  },
  "shader": {
    "background_pulse": {
      "intensity": 0.08,
      "speed_hz": 0.25
    },
    "bloom": {
      "threshold": 0.8,
      "intensity": 0.5,
      "radius": 2.0
    },
    "chromatic_aberration": {
      "magnitude": 0.002
    },
    "cursor_glow": {
      "radius_px": 12.0,
      "intensity": 0.6
    },
    "cursor_trail": {
      "length_px": 48.0,
      "decay": 0.92
    },
    "film_grain": {
      "intensity": 0.04,
      "size_px": 1.0
    },
    "frost_haze": {
      "intensity": 0.2,
      "blur_px": 6.0
    },
    "prompt_saber": {
      "thickness_px": 2.0,
      "swoop_ms": 250
    },
    "screen_curvature": {
      "curvature": 0.04,
      "vignette": 0.25
    },
    "sonic_boom": {
      "intensity": 0.6,
      "attack_ms": 80,
      "settle_ms": 600
    },
    "spotlight": {
      "radius_px": 320.0,
      "softness": 0.35,
      "dim": 0.45
    },
    "stardust": {
      "particle_count": 120,
      "twinkle_speed": 0.5,
      "spread": 0.8
    }
  }
}
